// Jest Snapshot v1, https://goo.gl/fbAQLP

exports[`renders correctly 1`] = `
<nav>
  <ul>
    <li>
      <a
        href="/"
        onClick={[Function]}
      >
        Home
      </a>
    </li>
    <li>
      <a
        href="/about/"
        onClick={[Function]}
      >
        About
      </a>
    </li>
    <li>
      <a
        href="/users/"
        onClick={[Function]}
      >
        Users
      </a>
    </li>
  </ul>
</nav>
`;
